// Jest Snapshot v1, https://goo.gl/fbAQLP

exports[`Pagination render properly 1`] = `
<div>
  <div
    class="Pagination "
  >
    <button
      class="Button "
      style="background-color: rgb(0, 72, 186);"
      type="button"
    >
      1
    </button>
    <button
      class="Button "
      style="background-color: rgb(0, 72, 186);"
      type="button"
    >
      2
    </button>
    <button
      class="Button "
      style="background-color: rgb(0, 72, 186);"
      type="button"
    >
      3
    </button>
    <button
      class="Button "
      style="background-color: rgb(0, 72, 186);"
      type="button"
    >
      4
    </button>
    <button
      class="Button "
      style="background-color: rgb(0, 72, 186);"
      type="button"
    >
      5
    </button>
    <button
      class="Button "
      style="background-color: rgb(0, 72, 186);"
      type="button"
    >
      6
    </button>
    <button
      class="Button "
      style="background-color: rgb(0, 72, 186);"
      type="button"
    >
      7
    </button>
    <button
      class="Button "
      style="background-color: rgb(0, 72, 186);"
      type="button"
    >
      8
    </button>
    <button
      class="Button "
      style="background-color: rgb(0, 72, 186);"
      type="button"
    >
      9
    </button>
    <button
      class="Button "
      style="background-color: rgb(0, 72, 186);"
      type="button"
    >
      10
    </button>
  </div>
</div>
`;
